#-----------------------------------------------------------
# Vivado v2019.2 (64-bit)
# SW Build 2708876 on Wed Nov  6 21:40:23 MST 2019
# IP Build 2700528 on Thu Nov  7 00:09:20 MST 2019
# Start of session at: Sat Apr 25 10:18:40 2020
# Process ID: 10852
# Current directory: C:/Users/lenovo/Desktop/git/COD-2020-Labs/Lab1
# Command line: vivado.exe -gui_launcher_event rodinguilauncherevent12664 C:\Users\lenovo\Desktop\git\COD-2020-Labs\Lab1\Lab1.xpr
# Log file: C:/Users/lenovo/Desktop/git/COD-2020-Labs/Lab1/vivado.log
# Journal file: C:/Users/lenovo/Desktop/git/COD-2020-Labs/Lab1\vivado.jou
#-----------------------------------------------------------
start_gui
open_project C:/Users/lenovo/Desktop/git/COD-2020-Labs/Lab1/Lab1.xpr
update_compile_order -fileset sources_1
launch_simulation
open_wave_config C:/Users/lenovo/Desktop/git/COD-2020-Labs/Lab1/sort_tb_behav.wcfg
source alu_tb.tcl
close_sim
launch_simulation
open_wave_config C:/Users/lenovo/Desktop/git/COD-2020-Labs/Lab1/sort_tb_behav.wcfg
source alu_tb.tcl
export_ip_user_files -of_objects  [get_files C:/Users/lenovo/Desktop/git/COD-2020-Labs/Lab1/sort_tb_behav.wcfg] -no_script -reset -force -quiet
remove_files  -fileset sim_1 C:/Users/lenovo/Desktop/git/COD-2020-Labs/Lab1/sort_tb_behav.wcfg
close_sim
